// Jest Snapshot v1, https://jestjs.io/docs/snapshot-testing

exports[`Home Page renders successfully 1`] = `
<div>
  <div
    class="flex min-h-screen flex-col bg-background"
  >
    <header
      class="sticky top-0 z-50 w-full border-b bg-background/80 backdrop-blur supports-[backdrop-filter]:bg-background/60 px-5"
    >
      <div
        class="container mx-auto flex h-16 items-center justify-between"
      >
        <a
          aria-label="Fortuna home"
          class="flex items-center gap-2 text-lg font-semibold"
          href="/"
        >
          <img
            alt="Fortuna logo"
            class="dark:invert"
            data-nimg="1"
            decoding="async"
            height="18"
            loading="lazy"
            src="/logo.svg"
            style="color: transparent;"
            width="18"
          />
          <span
            class="text-xl"
          >
            Fortuna
          </span>
        </a>
        <nav
          aria-label="Primary"
          class="hidden md:flex items-center gap-8 text-sm"
        >
          <a
            class="text-muted-foreground hover:text-foreground transition-colors"
            href="#problem"
          >
            Problem
          </a>
          <a
            class="text-muted-foreground hover:text-foreground transition-colors"
            href="#features"
          >
            Features
          </a>
          <a
            class="text-muted-foreground hover:text-foreground transition-colors"
            href="#open-source"
          >
            Open Source
          </a>
        </nav>
        <div
          class="flex items-center gap-2"
        >
          <button
            aria-expanded="false"
            aria-haspopup="menu"
            aria-label="Toggle theme"
            class="inline-flex items-center justify-center gap-2 whitespace-nowrap rounded-md text-sm font-medium transition-all disabled:pointer-events-none disabled:opacity-50 [&_svg]:pointer-events-none [&_svg:not([class*='size-'])]:size-4 shrink-0 [&_svg]:shrink-0 outline-none focus-visible:border-ring focus-visible:ring-ring/50 focus-visible:ring-[3px] aria-invalid:ring-destructive/20 dark:aria-invalid:ring-destructive/40 aria-invalid:border-destructive hover:bg-accent hover:text-accent-foreground dark:hover:bg-accent/50 size-9 cursor-pointer"
            data-slot="button"
            data-state="closed"
            data-testid="theme-toggle"
            id="radix-«r0»"
            type="button"
          >
            <svg
              aria-hidden="true"
              class="lucide lucide-sun h-[1.2rem] w-[1.2rem] rotate-0 scale-100 transition-transform dark:-rotate-90 dark:scale-0"
              fill="none"
              height="24"
              stroke="currentColor"
              stroke-linecap="round"
              stroke-linejoin="round"
              stroke-width="2"
              viewBox="0 0 24 24"
              width="24"
              xmlns="http://www.w3.org/2000/svg"
            >
              <circle
                cx="12"
                cy="12"
                r="4"
              />
              <path
                d="M12 2v2"
              />
              <path
                d="M12 20v2"
              />
              <path
                d="m4.93 4.93 1.41 1.41"
              />
              <path
                d="m17.66 17.66 1.41 1.41"
              />
              <path
                d="M2 12h2"
              />
              <path
                d="M20 12h2"
              />
              <path
                d="m6.34 17.66-1.41 1.41"
              />
              <path
                d="m19.07 4.93-1.41 1.41"
              />
            </svg>
            <svg
              aria-hidden="true"
              class="lucide lucide-moon absolute h-[1.2rem] w-[1.2rem] rotate-90 scale-0 transition-transform dark:rotate-0 dark:scale-100"
              fill="none"
              height="24"
              stroke="currentColor"
              stroke-linecap="round"
              stroke-linejoin="round"
              stroke-width="2"
              viewBox="0 0 24 24"
              width="24"
              xmlns="http://www.w3.org/2000/svg"
            >
              <path
                d="M20.985 12.486a9 9 0 1 1-9.473-9.472c.405-.022.617.46.402.803a6 6 0 0 0 8.268 8.268c.344-.215.825-.004.803.401"
              />
            </svg>
            <span
              class="sr-only"
            >
              Toggle theme
            </span>
          </button>
        </div>
      </div>
    </header>
    <section
      class="container relative min-h-[calc(100vh-4rem)] px-5 sm:px-20 py-16 lg:py-24 min-w-full flex items-center justify-center"
    >
      <div
        class="absolute inset-0 bg-[linear-gradient(to_right,#80808012_1px,transparent_1px),linear-gradient(to_bottom,#80808012_1px,transparent_1px)] bg-[size:50px_50px]"
      />
      <div
        class="pointer-events-none absolute inset-0 bg-gradient-to-b from-transparent to-background [mask-image:radial-gradient(ellipse_at_center,transparent_25%,white_25%)]"
      />
      <div
        class="relative flex flex-col items-center gap-8 text-center"
      >
        <div
          class="inline-flex items-center gap-2 px-3 py-1 rounded-full bg-background border border-border text-foreground text-sm mb-8"
        >
          <span
            class="relative flex h-2 w-2"
          >
            <span
              class="animate-ping absolute inline-flex h-full w-full rounded-full bg-chart-2"
            />
            <span
              class="relative inline-flex rounded-full h-2 w-2 bg-chart-2"
            />
          </span>
          Built in public, open source from day one
        </div>
        <div
          class="flex max-w-5xl flex-col items-center gap-6"
        >
          <h1
            class="text-balance text-5xl font-bold leading-tight tracking-tight text-foreground md:text-7xl lg:text-8xl"
          >
            Take control of your finances
          </h1>
          <p
            class="max-w-2xl text-balance text-lg leading-relaxed text-muted-foreground md:text-xl"
          >
            A simple, frictionless app to track expenses, manage budgets, and understand your money with smart insights and automatic categorization.
          </p>
          <div
            class="flex flex-col items-center gap-4 pt-5 sm:flex-row"
          >
            <a
              class="inline-flex items-center justify-center gap-2 whitespace-nowrap text-sm font-medium transition-all disabled:pointer-events-none disabled:opacity-50 [&_svg]:pointer-events-none [&_svg:not([class*='size-'])]:size-4 shrink-0 [&_svg]:shrink-0 outline-none focus-visible:border-ring focus-visible:ring-ring/50 focus-visible:ring-[3px] aria-invalid:ring-destructive/20 dark:aria-invalid:ring-destructive/40 aria-invalid:border-destructive border bg-background shadow-xs hover:bg-accent hover:text-accent-foreground dark:bg-input/30 dark:border-input dark:hover:bg-input/50 h-10 rounded-md px-6 has-[>svg]:px-4 flex items-center gap-2"
              data-slot="button"
              href="https://github.com/emiliosheinz/fortuna"
              rel="noreferrer"
              target="_blank"
            >
              <svg
                aria-hidden="true"
                class="lucide lucide-github h-4 w-4"
                fill="none"
                height="24"
                stroke="currentColor"
                stroke-linecap="round"
                stroke-linejoin="round"
                stroke-width="2"
                viewBox="0 0 24 24"
                width="24"
                xmlns="http://www.w3.org/2000/svg"
              >
                <path
                  d="M15 22v-4a4.8 4.8 0 0 0-1-3.5c3 0 6-2 6-5.5.08-1.25-.27-2.48-1-3.5.28-1.15.28-2.35 0-3.5 0 0-1 0-3 1.5-2.64-.5-5.36-.5-8 0C6 2 5 2 5 2c-.3 1.15-.3 2.35 0 3.5A5.403 5.403 0 0 0 4 9c0 3.5 3 5.5 6 5.5-.39.49-.68 1.05-.85 1.65-.17.6-.22 1.23-.15 1.85v4"
                />
                <path
                  d="M9 18c-4.51 2-5-2-7-2"
                />
              </svg>
              View on GitHub
            </a>
          </div>
        </div>
      </div>
    </section>
    <section
      class="scroll-mt-20 py-16 lg:py-24 px-5"
      id="problem"
    >
      <div
        class="container mx-auto"
      >
        <div
          class="max-w-3xl mx-auto text-center mb-10 lg:mb-16"
        >
          <h2
            class="text-3xl sm:text-4xl font-bold mb-4 text-balance"
          >
            The problem with traditional finance apps
          </h2>
          <p
            class="text-lg text-muted-foreground text-pretty leading-relaxed"
          >
            Most tools make tracking harder than it needs to be. By the time you figure out where to log something, the moment has passed.
          </p>
        </div>
        <div
          class="grid md:grid-cols-2 gap-6 max-w-5xl mx-auto"
        >
          <div
            class="group relative rounded-lg border border-border bg-card/30 p-6 hover:border-foreground/30 transition-all duration-300"
          >
            <div
              class="flex items-start gap-4"
            >
              <div
                class="rounded-lg bg-accent/30 p-3 group-hover:bg-accent transition-colors"
              >
                <svg
                  aria-hidden="true"
                  class="lucide lucide-circle-alert h-6 w-6 text-foreground"
                  fill="none"
                  height="24"
                  stroke="currentColor"
                  stroke-linecap="round"
                  stroke-linejoin="round"
                  stroke-width="2"
                  viewBox="0 0 24 24"
                  width="24"
                  xmlns="http://www.w3.org/2000/svg"
                >
                  <circle
                    cx="12"
                    cy="12"
                    r="10"
                  />
                  <line
                    x1="12"
                    x2="12"
                    y1="8"
                    y2="12"
                  />
                  <line
                    x1="12"
                    x2="12.01"
                    y1="16"
                    y2="16"
                  />
                </svg>
              </div>
              <div>
                <h3
                  class="text-lg font-semibold mb-2"
                >
                  Friction in tracking
                </h3>
                <p
                  class="text-muted-foreground text-sm leading-relaxed"
                >
                  Existing tools ask too many questions before you can log a purchase. That costs accuracy and consistency.
                </p>
              </div>
            </div>
          </div>
          <div
            class="group relative rounded-lg border border-border bg-card/30 p-6 hover:border-foreground/30 transition-all duration-300"
          >
            <div
              class="flex items-start gap-4"
            >
              <div
                class="rounded-lg bg-accent/30 p-3 group-hover:bg-accent transition-colors"
              >
                <svg
                  aria-hidden="true"
                  class="lucide lucide-folder-x h-6 w-6 text-foreground"
                  fill="none"
                  height="24"
                  stroke="currentColor"
                  stroke-linecap="round"
                  stroke-linejoin="round"
                  stroke-width="2"
                  viewBox="0 0 24 24"
                  width="24"
                  xmlns="http://www.w3.org/2000/svg"
                >
                  <path
                    d="M20 20a2 2 0 0 0 2-2V8a2 2 0 0 0-2-2h-7.9a2 2 0 0 1-1.69-.9L9.6 3.9A2 2 0 0 0 7.93 3H4a2 2 0 0 0-2 2v13a2 2 0 0 0 2 2Z"
                  />
                  <path
                    d="m9.5 10.5 5 5"
                  />
                  <path
                    d="m14.5 10.5-5 5"
                  />
                </svg>
              </div>
              <div>
                <h3
                  class="text-lg font-semibold mb-2"
                >
                  Lost spending history
                </h3>
                <p
                  class="text-muted-foreground text-sm leading-relaxed"
                >
                  Transactions get buried in bank statements or messy spreadsheets, never to be analyzed again.
                </p>
              </div>
            </div>
          </div>
          <div
            class="group relative rounded-lg border border-border bg-card/30 p-6 hover:border-foreground/30 transition-all duration-300"
          >
            <div
              class="flex items-start gap-4"
            >
              <div
                class="rounded-lg bg-accent/30 p-3 group-hover:bg-accent transition-colors"
              >
                <svg
                  aria-hidden="true"
                  class="lucide lucide-layers h-6 w-6 text-foreground"
                  fill="none"
                  height="24"
                  stroke="currentColor"
                  stroke-linecap="round"
                  stroke-linejoin="round"
                  stroke-width="2"
                  viewBox="0 0 24 24"
                  width="24"
                  xmlns="http://www.w3.org/2000/svg"
                >
                  <path
                    d="M12.83 2.18a2 2 0 0 0-1.66 0L2.6 6.08a1 1 0 0 0 0 1.83l8.58 3.91a2 2 0 0 0 1.66 0l8.58-3.9a1 1 0 0 0 0-1.83z"
                  />
                  <path
                    d="M2 12a1 1 0 0 0 .58.91l8.6 3.91a2 2 0 0 0 1.65 0l8.58-3.9A1 1 0 0 0 22 12"
                  />
                  <path
                    d="M2 17a1 1 0 0 0 .58.91l8.6 3.91a2 2 0 0 0 1.65 0l8.58-3.9A1 1 0 0 0 22 17"
                  />
                </svg>
              </div>
              <div>
                <h3
                  class="text-lg font-semibold mb-2"
                >
                  Rigid categorization
                </h3>
                <p
                  class="text-muted-foreground text-sm leading-relaxed"
                >
                  Forced to fit spending into categories that don't match your actual habits.
                </p>
              </div>
            </div>
          </div>
          <div
            class="group relative rounded-lg border border-border bg-card/30 p-6 hover:border-foreground/30 transition-all duration-300"
          >
            <div
              class="flex items-start gap-4"
            >
              <div
                class="rounded-lg bg-accent/30 p-3 group-hover:bg-accent transition-colors"
              >
                <svg
                  aria-hidden="true"
                  class="lucide lucide-link2-off lucide-link-2-off h-6 w-6 text-foreground"
                  fill="none"
                  height="24"
                  stroke="currentColor"
                  stroke-linecap="round"
                  stroke-linejoin="round"
                  stroke-width="2"
                  viewBox="0 0 24 24"
                  width="24"
                  xmlns="http://www.w3.org/2000/svg"
                >
                  <path
                    d="M9 17H7A5 5 0 0 1 7 7"
                  />
                  <path
                    d="M15 7h2a5 5 0 0 1 4 8"
                  />
                  <line
                    x1="8"
                    x2="12"
                    y1="12"
                    y2="12"
                  />
                  <line
                    x1="2"
                    x2="22"
                    y1="2"
                    y2="22"
                  />
                </svg>
              </div>
              <div>
                <h3
                  class="text-lg font-semibold mb-2"
                >
                  Disconnected accounts
                </h3>
                <p
                  class="text-muted-foreground text-sm leading-relaxed"
                >
                  Money stays siloed across banks and cards, so the full picture never surfaces when you need it.
                </p>
              </div>
            </div>
          </div>
        </div>
      </div>
    </section>
    <section
      class="scroll-mt-20 py-16 lg:py-24 px-5"
      id="features"
    >
      <div
        class="container mx-auto"
      >
        <div
          class="max-w-3xl mx-auto text-center mb-10 lg:mb-16"
        >
          <h2
            class="text-3xl sm:text-4xl font-bold mb-4 text-balance"
          >
            Built for clarity, designed for control
          </h2>
          <p
            class="text-lg text-muted-foreground text-pretty leading-relaxed"
          >
            Fortuna removes friction from every step — from tracking to budgeting to insights.
          </p>
        </div>
        <div
          class="grid md:grid-cols-2 lg:grid-cols-3 gap-6 max-w-6xl mx-auto"
        >
          <div
            class="group relative rounded-lg border border-border bg-card/30 p-6 hover:border-foreground/30 hover:shadow-lg transition-all duration-300"
          >
            <div
              class="mb-4 inline-flex rounded-lg bg-accent/30 p-3 group-hover:bg-accent transition-colors"
            >
              <svg
                aria-hidden="true"
                class="lucide lucide-credit-card h-6 w-6 text-foreground"
                fill="none"
                height="24"
                stroke="currentColor"
                stroke-linecap="round"
                stroke-linejoin="round"
                stroke-width="2"
                viewBox="0 0 24 24"
                width="24"
                xmlns="http://www.w3.org/2000/svg"
              >
                <rect
                  height="14"
                  rx="2"
                  width="20"
                  x="2"
                  y="5"
                />
                <line
                  x1="2"
                  x2="22"
                  y1="10"
                  y2="10"
                />
              </svg>
            </div>
            <h3
              class="text-xl font-semibold mb-3"
            >
              Instant Tracking
            </h3>
            <p
              class="text-muted-foreground text-sm leading-relaxed"
            >
              Log expenses instantly from anywhere. Manual entry, receipt scanning, or automatic bank sync — all in one place.
            </p>
          </div>
          <div
            class="group relative rounded-lg border border-border bg-card/30 p-6 hover:border-foreground/30 hover:shadow-lg transition-all duration-300"
          >
            <div
              class="mb-4 inline-flex rounded-lg bg-accent/30 p-3 group-hover:bg-accent transition-colors"
            >
              <svg
                aria-hidden="true"
                class="lucide lucide-chart-pie h-6 w-6 text-foreground"
                fill="none"
                height="24"
                stroke="currentColor"
                stroke-linecap="round"
                stroke-linejoin="round"
                stroke-width="2"
                viewBox="0 0 24 24"
                width="24"
                xmlns="http://www.w3.org/2000/svg"
              >
                <path
                  d="M21 12c.552 0 1.005-.449.95-.998a10 10 0 0 0-8.953-8.951c-.55-.055-.998.398-.998.95v8a1 1 0 0 0 1 1z"
                />
                <path
                  d="M21.21 15.89A10 10 0 1 1 8 2.83"
                />
              </svg>
            </div>
            <h3
              class="text-xl font-semibold mb-3"
            >
              Smart Budgeting
            </h3>
            <p
              class="text-muted-foreground text-sm leading-relaxed"
            >
              Set budgets by category and track progress in real time. Visual breakdowns make it easy to see where your money goes.
            </p>
          </div>
          <div
            class="group relative rounded-lg border border-border bg-card/30 p-6 hover:border-foreground/30 hover:shadow-lg transition-all duration-300"
          >
            <div
              class="mb-4 inline-flex rounded-lg bg-accent/30 p-3 group-hover:bg-accent transition-colors"
            >
              <svg
                aria-hidden="true"
                class="lucide lucide-chart-column h-6 w-6 text-foreground"
                fill="none"
                height="24"
                stroke="currentColor"
                stroke-linecap="round"
                stroke-linejoin="round"
                stroke-width="2"
                viewBox="0 0 24 24"
                width="24"
                xmlns="http://www.w3.org/2000/svg"
              >
                <path
                  d="M3 3v16a2 2 0 0 0 2 2h16"
                />
                <path
                  d="M18 17V9"
                />
                <path
                  d="M13 17V5"
                />
                <path
                  d="M8 17v-3"
                />
              </svg>
            </div>
            <h3
              class="text-xl font-semibold mb-3"
            >
              Spending Insights
            </h3>
            <p
              class="text-muted-foreground text-sm leading-relaxed"
            >
              Natural language search across all your transactions. Contextual insights and automatic categorization of spending patterns.
            </p>
          </div>
          <div
            class="group relative rounded-lg border border-border bg-card/30 p-6 hover:border-foreground/30 hover:shadow-lg transition-all duration-300"
          >
            <div
              class="mb-4 inline-flex rounded-lg bg-accent/30 p-3 group-hover:bg-accent transition-colors"
            >
              <svg
                aria-hidden="true"
                class="lucide lucide-refresh-cw h-6 w-6 text-foreground"
                fill="none"
                height="24"
                stroke="currentColor"
                stroke-linecap="round"
                stroke-linejoin="round"
                stroke-width="2"
                viewBox="0 0 24 24"
                width="24"
                xmlns="http://www.w3.org/2000/svg"
              >
                <path
                  d="M3 12a9 9 0 0 1 9-9 9.75 9.75 0 0 1 6.74 2.74L21 8"
                />
                <path
                  d="M21 3v5h-5"
                />
                <path
                  d="M21 12a9 9 0 0 1-9 9 9.75 9.75 0 0 1-6.74-2.74L3 16"
                />
                <path
                  d="M8 16H3v5"
                />
              </svg>
            </div>
            <h3
              class="text-xl font-semibold mb-3"
            >
              Automatic Categorization
            </h3>
            <p
              class="text-muted-foreground text-sm leading-relaxed"
            >
              Transactions are categorized automatically. Your spending history forms patterns that improve over time.
            </p>
          </div>
          <div
            class="group relative rounded-lg border border-border bg-card/30 p-6 hover:border-foreground/30 hover:shadow-lg transition-all duration-300"
          >
            <div
              class="mb-4 inline-flex rounded-lg bg-accent/30 p-3 group-hover:bg-accent transition-colors"
            >
              <svg
                aria-hidden="true"
                class="lucide lucide-bell h-6 w-6 text-foreground"
                fill="none"
                height="24"
                stroke="currentColor"
                stroke-linecap="round"
                stroke-linejoin="round"
                stroke-width="2"
                viewBox="0 0 24 24"
                width="24"
                xmlns="http://www.w3.org/2000/svg"
              >
                <path
                  d="M10.268 21a2 2 0 0 0 3.464 0"
                />
                <path
                  d="M3.262 15.326A1 1 0 0 0 4 17h16a1 1 0 0 0 .74-1.673C19.41 13.956 18 12.499 18 8A6 6 0 0 0 6 8c0 4.499-1.411 5.956-2.738 7.326"
                />
              </svg>
            </div>
            <h3
              class="text-xl font-semibold mb-3"
            >
              Smart Alerts
            </h3>
            <p
              class="text-muted-foreground text-sm leading-relaxed"
            >
              Get notified before you overspend. Budget alerts, bill reminders, and unusual activity detection keep you on track.
            </p>
          </div>
          <div
            class="group relative rounded-lg border border-border bg-card/30 p-6 hover:border-foreground/30 hover:shadow-lg transition-all duration-300"
          >
            <div
              class="mb-4 inline-flex rounded-lg bg-accent/30 p-3 group-hover:bg-accent transition-colors"
            >
              <svg
                aria-hidden="true"
                class="lucide lucide-shield h-6 w-6 text-foreground"
                fill="none"
                height="24"
                stroke="currentColor"
                stroke-linecap="round"
                stroke-linejoin="round"
                stroke-width="2"
                viewBox="0 0 24 24"
                width="24"
                xmlns="http://www.w3.org/2000/svg"
              >
                <path
                  d="M20 13c0 5-3.5 7.5-7.66 8.95a1 1 0 0 1-.67-.01C7.5 20.5 4 18 4 13V6a1 1 0 0 1 1-1c2 0 4.5-1.2 6.24-2.72a1.17 1.17 0 0 1 1.52 0C14.51 3.81 17 5 19 5a1 1 0 0 1 1 1z"
                />
              </svg>
            </div>
            <h3
              class="text-xl font-semibold mb-3"
            >
              Cross-Platform Sync
            </h3>
            <p
              class="text-muted-foreground text-sm leading-relaxed"
            >
              Real-time sync across desktop, mobile, and web. Works offline and syncs when you're back online.
            </p>
          </div>
        </div>
      </div>
    </section>
    <section
      class="scroll-mt-20 py-16 lg:py-24 px-5"
      id="open-source"
    >
      <div
        class="container mx-auto"
      >
        <div
          class="max-w-5xl mx-auto"
        >
          <div
            class="grid lg:grid-cols-2 gap-12 items-center"
          >
            <div
              class="flex flex-col"
            >
              <h2
                class="text-3xl sm:text-4xl font-bold mb-6 text-balance text-center lg:text-left"
              >
                Open source, built in public
              </h2>
              <p
                class="text-lg text-muted-foreground mb-8 leading-relaxed text-center lg:text-left"
              >
                Fortuna is completely transparent from day one. We believe the best tools are built with the community, not behind closed doors.
              </p>
              <div
                class="space-y-4 mb-8"
              >
                <div
                  class="flex items-start gap-3"
                >
                  <div
                    class="rounded-md bg-accent p-2 mt-1"
                  >
                    <svg
                      aria-hidden="true"
                      class="lucide lucide-eye h-4 w-4 text-foreground"
                      fill="none"
                      height="24"
                      stroke="currentColor"
                      stroke-linecap="round"
                      stroke-linejoin="round"
                      stroke-width="2"
                      viewBox="0 0 24 24"
                      width="24"
                      xmlns="http://www.w3.org/2000/svg"
                    >
                      <path
                        d="M2.062 12.348a1 1 0 0 1 0-.696 10.75 10.75 0 0 1 19.876 0 1 1 0 0 1 0 .696 10.75 10.75 0 0 1-19.876 0"
                      />
                      <circle
                        cx="12"
                        cy="12"
                        r="3"
                      />
                    </svg>
                  </div>
                  <div>
                    <h3
                      class="font-semibold mb-1"
                    >
                      Full Transparency
                    </h3>
                    <p
                      class="text-sm text-muted-foreground leading-relaxed"
                    >
                      Every commit, every decision, every feature — built in the open for everyone to see and contribute to.
                    </p>
                  </div>
                </div>
                <div
                  class="flex items-start gap-3"
                >
                  <div
                    class="rounded-md bg-accent p-2 mt-1"
                  >
                    <svg
                      aria-hidden="true"
                      class="lucide lucide-code-xml h-4 w-4 text-foreground"
                      fill="none"
                      height="24"
                      stroke="currentColor"
                      stroke-linecap="round"
                      stroke-linejoin="round"
                      stroke-width="2"
                      viewBox="0 0 24 24"
                      width="24"
                      xmlns="http://www.w3.org/2000/svg"
                    >
                      <path
                        d="m18 16 4-4-4-4"
                      />
                      <path
                        d="m6 8-4 4 4 4"
                      />
                      <path
                        d="m14.5 4-5 16"
                      />
                    </svg>
                  </div>
                  <div>
                    <h3
                      class="font-semibold mb-1"
                    >
                      API-First Design
                    </h3>
                    <p
                      class="text-sm text-muted-foreground leading-relaxed"
                    >
                      Every feature is exposed through public APIs. Build integrations, extensions, and tools on top of Fortuna.
                    </p>
                  </div>
                </div>
                <div
                  class="flex items-start gap-3"
                >
                  <div
                    class="rounded-md bg-accent p-2 mt-1"
                  >
                    <svg
                      aria-hidden="true"
                      class="lucide lucide-users h-4 w-4 text-foreground"
                      fill="none"
                      height="24"
                      stroke="currentColor"
                      stroke-linecap="round"
                      stroke-linejoin="round"
                      stroke-width="2"
                      viewBox="0 0 24 24"
                      width="24"
                      xmlns="http://www.w3.org/2000/svg"
                    >
                      <path
                        d="M16 21v-2a4 4 0 0 0-4-4H6a4 4 0 0 0-4 4v2"
                      />
                      <path
                        d="M16 3.128a4 4 0 0 1 0 7.744"
                      />
                      <path
                        d="M22 21v-2a4 4 0 0 0-3-3.87"
                      />
                      <circle
                        cx="9"
                        cy="7"
                        r="4"
                      />
                    </svg>
                  </div>
                  <div>
                    <h3
                      class="font-semibold mb-1"
                    >
                      Community-Driven
                    </h3>
                    <p
                      class="text-sm text-muted-foreground leading-relaxed"
                    >
                      Join developers and finance-minded people shaping the future of personal finance management.
                    </p>
                  </div>
                </div>
                <div
                  class="flex items-start gap-3"
                >
                  <div
                    class="rounded-md bg-accent p-2 mt-1"
                  >
                    <svg
                      aria-hidden="true"
                      class="lucide lucide-puzzle h-4 w-4 text-foreground"
                      fill="none"
                      height="24"
                      stroke="currentColor"
                      stroke-linecap="round"
                      stroke-linejoin="round"
                      stroke-width="2"
                      viewBox="0 0 24 24"
                      width="24"
                      xmlns="http://www.w3.org/2000/svg"
                    >
                      <path
                        d="M15.39 4.39a1 1 0 0 0 1.68-.474 2.5 2.5 0 1 1 3.014 3.015 1 1 0 0 0-.474 1.68l1.683 1.682a2.414 2.414 0 0 1 0 3.414L19.61 15.39a1 1 0 0 1-1.68-.474 2.5 2.5 0 1 0-3.014 3.015 1 1 0 0 1 .474 1.68l-1.683 1.682a2.414 2.414 0 0 1-3.414 0L8.61 19.61a1 1 0 0 0-1.68.474 2.5 2.5 0 1 1-3.014-3.015 1 1 0 0 0 .474-1.68l-1.683-1.682a2.414 2.414 0 0 1 0-3.414L4.39 8.61a1 1 0 0 1 1.68.474 2.5 2.5 0 1 0 3.014-3.015 1 1 0 0 1-.474-1.68l1.683-1.682a2.414 2.414 0 0 1 3.414 0z"
                      />
                    </svg>
                  </div>
                  <div>
                    <h3
                      class="font-semibold mb-1"
                    >
                      Extensible by Design
                    </h3>
                    <p
                      class="text-sm text-muted-foreground leading-relaxed"
                    >
                      Integrate with Raycast, MCP servers, browser extensions, and more. Fortuna meets you where you work.
                    </p>
                  </div>
                </div>
              </div>
              <a
                class="inline-flex items-center justify-center gap-2 whitespace-nowrap text-sm font-medium transition-all disabled:pointer-events-none disabled:opacity-50 [&_svg]:pointer-events-none [&_svg:not([class*='size-'])]:size-4 shrink-0 [&_svg]:shrink-0 outline-none focus-visible:border-ring focus-visible:ring-ring/50 focus-visible:ring-[3px] aria-invalid:ring-destructive/20 dark:aria-invalid:ring-destructive/40 aria-invalid:border-destructive border bg-background shadow-xs hover:bg-accent hover:text-accent-foreground dark:bg-input/30 dark:border-input dark:hover:bg-input/50 h-10 rounded-md px-6 has-[>svg]:px-4 self-center lg:self-start flex items-center gap-2"
                data-slot="button"
                href="https://github.com/emiliosheinz/fortuna?tab=contributing-ov-file#contributing-to-fortuna"
                rel="noreferrer"
                target="_blank"
              >
                <svg
                  aria-hidden="true"
                  class="lucide lucide-code-xml h-4 w-4"
                  fill="none"
                  height="24"
                  stroke="currentColor"
                  stroke-linecap="round"
                  stroke-linejoin="round"
                  stroke-width="2"
                  viewBox="0 0 24 24"
                  width="24"
                  xmlns="http://www.w3.org/2000/svg"
                >
                  <path
                    d="m18 16 4-4-4-4"
                  />
                  <path
                    d="m6 8-4 4 4 4"
                  />
                  <path
                    d="m14.5 4-5 16"
                  />
                </svg>
                Contribute on GitHub
              </a>
            </div>
            <div
              class="relative"
            >
              <div
                class="absolute inset-0 bg-accent blur-3xl rounded-full"
              />
              <div
                class="relative rounded-lg border border-border bg-card/80 backdrop-blur-sm p-6 shadow-2xl"
              >
                <div
                  class="font-mono text-sm"
                >
                  <div
                    class="flex items-center gap-2 mb-4 pb-3 border-b border-border"
                  >
                    <div
                      class="flex gap-1.5"
                    >
                      <div
                        class="w-3 h-3 rounded-full bg-red-500/80"
                      />
                      <div
                        class="w-3 h-3 rounded-full bg-yellow-500/80"
                      />
                      <div
                        class="w-3 h-3 rounded-full bg-green-500/80"
                      />
                    </div>
                    <span
                      class="text-muted-foreground text-xs"
                    >
                      fortuna-api.ts
                    </span>
                  </div>
                  <pre
                    class="text-xs leading-relaxed"
                  >
                    <code
                      class="text-muted-foreground"
                    >
                      <span
                        class="text-purple-400"
                      >
                        import
                      </span>
                       
                      {
                       
                      fortuna 
                      }
                       
                      <span
                        class="text-purple-400"
                      >
                        from
                      </span>
                       
                      <span
                        class="text-green-400"
                      >
                        '@fortuna/sdk'
                      </span>
                      


                      <span
                        class="text-blue-400"
                      >
                        const
                      </span>
                       client =
                       
                      <span
                        class="text-yellow-400"
                      >
                        fortuna
                      </span>
                      (
                      {
                      
  
                      apiKey: process.env.
                      <span
                        class="text-cyan-400"
                      >
                        FORTUNA_API_KEY
                      </span>
                      
}
                      )
                      


                      <span
                        class="text-gray-500"
                      >
                        // Track an expense instantly
                      </span>
                      

                      <span
                        class="text-purple-400"
                      >
                        await
                      </span>
                       client.
                      <span
                        class="text-yellow-400"
                      >
                        track
                      </span>
                      (
                      {
                      
  
                      amount:
                       
                      <span
                        class="text-green-400"
                      >
                        42.50
                      </span>
                      ,
                      
  
                      category: 
                      <span
                        class="text-green-400"
                      >
                        "food"
                      </span>
                      
}
                      )
                      


                      <span
                        class="text-gray-500"
                      >
                        // Get spending insights
                      </span>
                      

                      <span
                        class="text-blue-400"
                      >
                        const
                      </span>
                       insights =
                       
                      <span
                        class="text-purple-400"
                      >
                        await
                      </span>
                       client.
                      <span
                        class="text-yellow-400"
                      >
                        insights
                      </span>
                      (
                      {
                      
  
                      period:
                       
                      <span
                        class="text-green-400"
                      >
                        "last 30 days"
                      </span>
                      
}
                      )
                    </code>
                  </pre>
                </div>
              </div>
            </div>
          </div>
        </div>
      </div>
    </section>
    <footer
      class="border-t border-border mt-16 lg:mt-24 py-12 px-5"
    >
      <div
        class="container mx-auto"
      >
        <div
          class="grid md:grid-cols-2 gap-8 mb-8"
        >
          <div
            class="col-span-1 max-w-sm"
          >
            <a
              aria-label="Fortuna home"
              class="flex items-center gap-2 text-lg font-semibold"
              href="/"
            >
              <img
                alt="Fortuna logo"
                class="dark:invert"
                data-nimg="1"
                decoding="async"
                height="18"
                loading="lazy"
                src="/logo.svg"
                style="color: transparent;"
                width="18"
              />
              <span
                class="text-xl"
              >
                Fortuna
              </span>
            </a>
            <p
              class="mt-3 text-muted-foreground"
            >
              Your financial companion for instant tracking and smart insights. Open source, built in public, and designed for the way you spend.
            </p>
          </div>
          <div
            class="col-span-1"
          >
            <h3
              class="font-semibold mb-4"
            >
              Resources
            </h3>
            <ul
              aria-label="Resources"
              class="space-y-2 text-sm"
            >
              <li>
                <a
                  class="text-muted-foreground hover:text-foreground transition-colors"
                  href="https://github.com/emiliosheinz/fortuna"
                  rel="noreferrer"
                  target="_blank"
                >
                  Documentation
                </a>
              </li>
              <li>
                <a
                  class="text-muted-foreground hover:text-foreground transition-colors"
                  href="https://github.com/users/emiliosheinz/projects/3"
                  rel="noreferrer"
                  target="_blank"
                >
                  Roadmap
                </a>
              </li>
              <li>
                <a
                  class="text-muted-foreground hover:text-foreground transition-colors"
                  href="https://github.com/emiliosheinz/fortuna/releases"
                  rel="noreferrer"
                  target="_blank"
                >
                  Changelog
                </a>
              </li>
              <li>
                <a
                  class="text-muted-foreground hover:text-foreground transition-colors"
                  href="https://github.com/emiliosheinz/fortuna/wiki"
                  rel="noreferrer"
                  target="_blank"
                >
                  Wiki
                </a>
              </li>
            </ul>
          </div>
        </div>
        <div
          class="flex flex-col sm:flex-row justify-between items-center pt-8 border-border gap-4"
        >
          <p
            class="text-sm text-muted-foreground"
          >
            © 
            2026
             Fortuna. All rights reserved.
          </p>
          <div
            class="flex items-center gap-4"
          >
            <a
              aria-label="GitHub"
              class="text-muted-foreground hover:text-foreground transition-colors"
              href="https://github.com/emiliosheinz/fortuna"
            >
              <svg
                aria-hidden="true"
                class="lucide lucide-github h-5 w-5"
                fill="none"
                height="24"
                stroke="currentColor"
                stroke-linecap="round"
                stroke-linejoin="round"
                stroke-width="2"
                viewBox="0 0 24 24"
                width="24"
                xmlns="http://www.w3.org/2000/svg"
              >
                <path
                  d="M15 22v-4a4.8 4.8 0 0 0-1-3.5c3 0 6-2 6-5.5.08-1.25-.27-2.48-1-3.5.28-1.15.28-2.35 0-3.5 0 0-1 0-3 1.5-2.64-.5-5.36-.5-8 0C6 2 5 2 5 2c-.3 1.15-.3 2.35 0 3.5A5.403 5.403 0 0 0 4 9c0 3.5 3 5.5 6 5.5-.39.49-.68 1.05-.85 1.65-.17.6-.22 1.23-.15 1.85v4"
                />
                <path
                  d="M9 18c-4.51 2-5-2-7-2"
                />
              </svg>
              <span
                class="sr-only"
              >
                GitHub
              </span>
            </a>
          </div>
        </div>
      </div>
    </footer>
  </div>
</div>
`;
